----->git pull
Adityaa@DESKTOP-V24LP5J MINGW64 /e/LTI projects/GET_953_-_DOTNET_-_Final_Project_Details/loan
$ git init
Initialized empty Git repository in E:/LTI projects/GET_953_-_DOTNET_-_Final_Project_Details/loan/.git/

Adityaa@DESKTOP-V24LP5J MINGW64 /e/LTI projects/GET_953_-_DOTNET_-_Final_Project_Details/loan (master)
$ git remote add origin https://github.com/Jainisha56/ProjectGladiator.git

Adityaa@DESKTOP-V24LP5J MINGW64 /e/LTI projects/GET_953_-_DOTNET_-_Final_Project_Details/loan (master)
$ git pull origin Base
remote: Enumerating objects: 116, done.
remote: Counting objects: 100% (116/116), done.
remote: Compressing objects: 100% (91/91), done.
remote: Total 116 (delta 22), reused 116 (delta 22), pack-reused 0
Receiving objects: 100% (116/116), 10.14 MiB | 2.35 MiB/s, done.
Resolving deltas: 100% (22/22), done.
From https://github.com/Jainisha56/ProjectGladiator
 * branch            Base       -> FETCH_HEAD
 * [new branch]      Base       -> origin/Base

Adityaa@DESKTOP-V24LP5J MINGW64 /e/LTI projects/GET_953_-_DOTNET_-_Final_Project_Details/loan (master)
$


-----to push to new branch
git init

git status

git add .

git commit -m "msg"

git branch branchname

git checkout branchname

git remote add origin https://github.com/Jainisha56/ProjectGladiator

git push -u origin branchname

-----to pull from git
git init

git remote add origin link

git pull origin Branchname

------------------------------------------


Adityaa@DESKTOP-V24LP5J MINGW64 /e/LTI projects/GET_953_-_DOTNET_-_Final_Project_Details/loan (Base)
$ git init
Reinitialized existing Git repository in E:/LTI projects/GET_953_-_DOTNET_-_Final_Project_Details/loan/.git/

Adityaa@DESKTOP-V24LP5J MINGW64 /e/LTI projects/GET_953_-_DOTNET_-_Final_Project_Details/loan (Base)
$ git status
On branch Base
Your branch is up to date with 'origin/Base'.

Untracked files:
  (use "git add <file>..." to include in what will be committed)
        src/bye.txt

nothing added to commit but untracked files present (use "git add" to track)

Adityaa@DESKTOP-V24LP5J MINGW64 /e/LTI projects/GET_953_-_DOTNET_-_Final_Project_Details/loan (Base)
$ git add .

Adityaa@DESKTOP-V24LP5J MINGW64 /e/LTI projects/GET_953_-_DOTNET_-_Final_Project_Details/loan (Base)
$ git status
On branch Base
Your branch is up to date with 'origin/Base'.

Changes to be committed:
  (use "git restore --staged <file>..." to unstage)
        new file:   src/bye.txt


Adityaa@DESKTOP-V24LP5J MINGW64 /e/LTI projects/GET_953_-_DOTNET_-_Final_Project_Details/loan (Base)
$ git commit -m "pushintobase1"
[Base 3fa06e6] pushintobase1
 1 file changed, 1 insertion(+)
 create mode 100644 src/bye.txt

Adityaa@DESKTOP-V24LP5J MINGW64 /e/LTI projects/GET_953_-_DOTNET_-_Final_Project_Details/loan (Base)
$ git push -u origin Base
Enumerating objects: 6, done.
Counting objects: 100% (6/6), done.
Delta compression using up to 12 threads
Compressing objects: 100% (3/3), done.
Writing objects: 100% (4/4), 341 bytes | 341.00 KiB/s, done.
Total 4 (delta 2), reused 0 (delta 0), pack-reused 0
remote: Resolving deltas: 100% (2/2), completed with 2 local objects.
To https://github.com/Jainisha56/ProjectGladiator.git
   6ecbc53..3fa06e6  Base -> Base
Branch 'Base' set up to track remote branch 'Base' from 'origin'.

Adityaa@DESKTOP-V24LP5J MINGW64 /e/LTI projects/GET_953_-_DOTNET_-_Final_Project_Details/loan (Base)
$

--------------------------------------------------------------------------

Adityaa@DESKTOP-V24LP5J MINGW64 /e/LTI projects/GET_953_-_DOTNET_-_Final_Project_Details/loan2 (master)
$ git init
Reinitialized existing Git repository in E:/LTI projects/GET_953_-_DOTNET_-_Final_Project_Details/loan2/.git/

Adityaa@DESKTOP-V24LP5J MINGW64 /e/LTI projects/GET_953_-_DOTNET_-_Final_Project_Details/loan2 (master)
$ git status
On branch master
Changes not staged for commit:
  (use "git add <file>..." to update what will be committed)
  (use "git restore <file>..." to discard changes in working directory)
        modified:   package-lock.json
        modified:   src/app/app.module.ts
        modified:   src/app/loan.service.ts
        modified:   src/app/login/login.component.html
        modified:   src/app/login/login.component.ts
        modified:   src/app/register/register.component.html
        modified:   src/app/register/register.component.ts

Untracked files:
  (use "git add <file>..." to include in what will be committed)
        src/app/classes/

no changes added to commit (use "git add" and/or "git commit -a")

Adityaa@DESKTOP-V24LP5J MINGW64 /e/LTI projects/GET_953_-_DOTNET_-_Final_Project_Details/loan2 (master)
$ git add .

Adityaa@DESKTOP-V24LP5J MINGW64 /e/LTI projects/GET_953_-_DOTNET_-_Final_Project_Details/loan2 (master)
$ git status
On branch master
Changes to be committed:
  (use "git restore --staged <file>..." to unstage)
        modified:   package-lock.json
        modified:   src/app/app.module.ts
        new file:   src/app/classes/user.ts
        modified:   src/app/loan.service.ts
        modified:   src/app/login/login.component.html
        modified:   src/app/login/login.component.ts
        modified:   src/app/register/register.component.html
        modified:   src/app/register/register.component.ts


Adityaa@DESKTOP-V24LP5J MINGW64 /e/LTI projects/GET_953_-_DOTNET_-_Final_Project_Details/loan2 (master)
$ git commit -m "loginregisterbackend"
[master 5df4f9e] loginregisterbackend
 8 files changed, 255 insertions(+), 16315 deletions(-)
 create mode 100644 src/app/classes/user.ts
 rewrite src/app/register/register.component.ts (64%)

Adityaa@DESKTOP-V24LP5J MINGW64 /e/LTI projects/GET_953_-_DOTNET_-_Final_Project_Details/loan2 (master)
$ git checkout Merged
Switched to a new branch 'Merged'
Branch 'Merged' set up to track remote branch 'Merged' from 'origin'.

Adityaa@DESKTOP-V24LP5J MINGW64 /e/LTI projects/GET_953_-_DOTNET_-_Final_Project_Details/loan2 (Merged)
$ git push -u origin Merged
Everything up-to-date
Branch 'Merged' set up to track remote branch 'Merged' from 'origin'.

Adityaa@DESKTOP-V24LP5J MINGW64 /e/LTI projects/GET_953_-_DOTNET_-_Final_Project_Details/loan2 (Merged)
$ git checkout master
Switched to branch 'master'

Adityaa@DESKTOP-V24LP5J MINGW64 /e/LTI projects/GET_953_-_DOTNET_-_Final_Project_Details/loan2 (master)
$ git status
On branch master
nothing to commit, working tree clean

Adityaa@DESKTOP-V24LP5J MINGW64 /e/LTI projects/GET_953_-_DOTNET_-_Final_Project_Details/loan2 (master)
$ git branch loginregistercompltd

Adityaa@DESKTOP-V24LP5J MINGW64 /e/LTI projects/GET_953_-_DOTNET_-_Final_Project_Details/loan2 (master)
$ git branch -b loginregistercompltd
error: unknown switch `b'
usage: git branch [<options>] [-r | -a] [--merged] [--no-merged]
   or: git branch [<options>] [-l] [-f] <branch-name> [<start-point>]
   or: git branch [<options>] [-r] (-d | -D) <branch-name>...
   or: git branch [<options>] (-m | -M) [<old-branch>] <new-branch>
   or: git branch [<options>] (-c | -C) [<old-branch>] <new-branch>
   or: git branch [<options>] [-r | -a] [--points-at]
   or: git branch [<options>] [-r | -a] [--format]

Generic options
    -v, --verbose         show hash and subject, give twice for upstream branch
    -q, --quiet           suppress informational messages
    -t, --track           set up tracking mode (see git-pull(1))
    -u, --set-upstream-to <upstream>
                          change the upstream info
    --unset-upstream      unset the upstream info
    --color[=<when>]      use colored output
    -r, --remotes         act on remote-tracking branches
    --contains <commit>   print only branches that contain the commit
    --no-contains <commit>
                          print only branches that don't contain the commit
    --abbrev[=<n>]        use <n> digits to display object names

Specific git-branch actions:
    -a, --all             list both remote-tracking and local branches
    -d, --delete          delete fully merged branch
    -D                    delete branch (even if not merged)
    -m, --move            move/rename a branch and its reflog
    -M                    move/rename a branch, even if target exists
    -c, --copy            copy a branch and its reflog
    -C                    copy a branch, even if target exists
    -l, --list            list branch names
    --show-current        show current branch name
    --create-reflog       create the branch's reflog
    --edit-description    edit the description for the branch
    -f, --force           force creation, move/rename, deletion
    --merged <commit>     print only branches that are merged
    --no-merged <commit>  print only branches that are not merged
    --column[=<style>]    list branches in columns
    --sort <key>          field name to sort on
    --points-at <object>  print only branches of the object
    -i, --ignore-case     sorting and filtering are case insensitive
    --format <format>     format to use for the output


Adityaa@DESKTOP-V24LP5J MINGW64 /e/LTI projects/GET_953_-_DOTNET_-_Final_Project_Details/loan2 (master)
$ git checkout loginregistercompltd
Switched to branch 'loginregistercompltd'

Adityaa@DESKTOP-V24LP5J MINGW64 /e/LTI projects/GET_953_-_DOTNET_-_Final_Project_Details/loan2 (loginregistercompltd)
$ git push -u origin loginregistercompltd
Enumerating objects: 26, done.
Counting objects: 100% (26/26), done.
Delta compression using up to 12 threads
Compressing objects: 100% (14/14), done.
Writing objects: 100% (15/15), 4.78 KiB | 543.00 KiB/s, done.
Total 15 (delta 11), reused 0 (delta 0), pack-reused 0
remote: Resolving deltas: 100% (11/11), completed with 9 local objects.
remote:
remote: Create a pull request for 'loginregistercompltd' on GitHub by visiting:
remote:      https://github.com/Jainisha56/ProjectGladiator/pull/new/loginregistercompltd
remote:
To https://github.com/Jainisha56/ProjectGladiator
 * [new branch]      loginregistercompltd -> loginregistercompltd
Branch 'loginregistercompltd' set up to track remote branch 'loginregistercompltd' from 'origin'.

Adityaa@DESKTOP-V24LP5J MINGW64 /e/LTI projects/GET_953_-_DOTNET_-_Final_Project_Details/loan2 (loginregistercompltd)
$ git checkout Merged
Switched to branch 'Merged'
Your branch is up to date with 'origin/Merged'.

Adityaa@DESKTOP-V24LP5J MINGW64 /e/LTI projects/GET_953_-_DOTNET_-_Final_Project_Details/loan2 (Merged)
$ git merge loginregistercompltd
Updating 0aaea87..5df4f9e
Fast-forward
 package-lock.json                        | 16283 +----------------------------
 src/app/app.module.ts                    |     2 +
 src/app/classes/user.ts                  |    16 +
 src/app/loan.service.ts                  |    21 +-
 src/app/login/login.component.html       |    21 +-
 src/app/login/login.component.ts         |    37 +-
 src/app/register/register.component.html |    40 +-
 src/app/register/register.component.ts   |    68 +-
 8 files changed, 214 insertions(+), 16274 deletions(-)
 create mode 100644 src/app/classes/user.ts

Adityaa@DESKTOP-V24LP5J MINGW64 /e/LTI projects/GET_953_-_DOTNET_-_Final_Project_Details/loan2 (Merged)
$ git status
On branch Merged
Your branch is ahead of 'origin/Merged' by 1 commit.
  (use "git push" to publish your local commits)

nothing to commit, working tree clean

Adityaa@DESKTOP-V24LP5J MINGW64 /e/LTI projects/GET_953_-_DOTNET_-_Final_Project_Details/loan2 (Merged)
$ git merge Merged loginregistercompltd
Already up to date.

Adityaa@DESKTOP-V24LP5J MINGW64 /e/LTI projects/GET_953_-_DOTNET_-_Final_Project_Details/loan2 (Merged)
$ git checkout loginregistercompltd
Switched to branch 'loginregistercompltd'
Your branch is up to date with 'origin/loginregistercompltd'.

Adityaa@DESKTOP-V24LP5J MINGW64 /e/LTI projects/GET_953_-_DOTNET_-_Final_Project_Details/loan2 (loginregistercompltd)
$ git merge Merged
Already up to date.

Adityaa@DESKTOP-V24LP5J MINGW64 /e/LTI projects/GET_953_-_DOTNET_-_Final_Project_Details/loan2 (loginregistercompltd)
$

